### Домашнее задание к занятию "3.5. Файловые системы"

#### 1. Узнайте о [sparse](https://ru.wikipedia.org/wiki/%D0%A0%D0%B0%D0%B7%D1%80%D0%B5%D0%B6%D1%91%D0%BD%D0%BD%D1%8B%D0%B9_%D1%84%D0%B0%D0%B9%D0%BB) (разряженных) файлах.

Файлы с пустотами на диске. Разреженный файл эффективен, потому что он не хранит нули на диске, вместо этого он содержит достаточно метаданных, описывающих нули, которые будут сгенерированы. Разрежённые файлы используются для хранения, например, контейнеров.

Обычный файл заполненный нулями
```shell
$ dd if=/dev/zero of=output1 bs=1G count=4
$ stat output1
File: ouput1
  Size: 4294967296      Blocks: 8388616    IO Block: 4096   regular file
```
Разреженный файл заполненный нулями
```shell
$ dd if=/dev/zero of=output2 bs=1G seek=0 count=0
$ stat output2
File: output2
  Size: 4294967296      Blocks: 0          IO Block: 4096   regular file
```

#### 2. Могут ли файлы, являющиеся жесткой ссылкой на один объект, иметь разные права доступа и владельца? Почему?

Нет, не могут, т.к. это просто ссылки на один и тот же inode - в нём и хранятся права доступа и имя владельца.

#### 3. Сделайте `vagrant destroy` на имеющийся инстанс Ubuntu. Замените содержимое Vagrantfile следующим:

```shell
Vagrant.configure("2") do |config|
  config.vm.box = "bento/ubuntu-20.04"
  config.vm.provider :virtualbox do |vb|
    lvm_experiments_disk0_path = "/tmp/lvm_experiments_disk0.vmdk"
    lvm_experiments_disk1_path = "/tmp/lvm_experiments_disk1.vmdk"
    vb.customize ['createmedium', '--filename', lvm_experiments_disk0_path, '--size', 2560]
    vb.customize ['createmedium', '--filename', lvm_experiments_disk1_path, '--size', 2560]
    vb.customize ['storageattach', :id, '--storagectl', 'SATA Controller', '--port', 1, '--device', 0, '--type', 'hdd', '--medium', lvm_experiments_disk0_path]
    vb.customize ['storageattach', :id, '--storagectl', 'SATA Controller', '--port', 2, '--device', 0, '--type', 'hdd', '--medium', lvm_experiments_disk1_path]
  end
end
```
Данная конфигурация создаст новую виртуальную машину с двумя дополнительными неразмеченными дисками по 2.5 Гб.

```shell
vagrant@vagrant:~$ lsblk
NAME                 MAJ:MIN RM  SIZE RO TYPE MOUNTPOINT
sda                    8:0    0   64G  0 disk
├─sda1                 8:1    0  512M  0 part /boot/efi
├─sda2                 8:2    0    1K  0 part
└─sda5                 8:5    0 63.5G  0 part
  ├─vgvagrant-root   253:0    0 62.6G  0 lvm  /
  └─vgvagrant-swap_1 253:1    0  980M  0 lvm  [SWAP]
sdb                    8:16   0  2.5G  0 disk
sdc                    8:32   0  2.5G  0 disk
```

#### 4. Используя `fdisk`, разбейте первый диск на 2 раздела: 2 Гб, оставшееся пространство.

```shell
vagrant@vagrant:~$ sudo fdisk /dev/sdb

Welcome to fdisk (util-linux 2.34).
Changes will remain in memory only, until you decide to write them.
Be careful before using the write command.

Device does not contain a recognized partition table.
Created a new DOS disklabel with disk identifier 0xa3918d14.

Command (m for help): F
Unpartitioned space /dev/sdb: 2.51 GiB, 2683305984 bytes, 5240832 sectors
Units: sectors of 1 * 512 = 512 bytes
Sector size (logical/physical): 512 bytes / 512 bytes

Start     End Sectors  Size
 2048 5242879 5240832  2.5G

Command (m for help): n
Partition type
   p   primary (0 primary, 0 extended, 4 free)
   e   extended (container for logical partitions)
Select (default p): p
Partition number (1-4, default 1):
First sector (2048-5242879, default 2048):
Last sector, +/-sectors or +/-size{K,M,G,T,P} (2048-5242879, default 5242879): +2G

Created a new partition 1 of type 'Linux' and of size 2 GiB.

Command (m for help): n
Partition type
   p   primary (1 primary, 0 extended, 3 free)
   e   extended (container for logical partitions)
Select (default p): p
Partition number (2-4, default 2):
First sector (4196352-5242879, default 4196352):
Last sector, +/-sectors or +/-size{K,M,G,T,P} (4196352-5242879, default 5242879):

Created a new partition 2 of type 'Linux' and of size 511 MiB.

Command (m for help): w
The partition table has been altered.
Calling ioctl() to re-read partition table.
Syncing disks.
```

#### 5. Используя `sfdisk`, перенесите данную таблицу разделов на второй диск.

```shell
vagrant@vagrant:~$ sudo sfdisk -d /dev/sdb > sdb.dump
vagrant@vagrant:~$ sudo sfdisk /dev/sdc < sdb.dump
Checking that no-one is using this disk right now ... OK

Disk /dev/sdc: 2.51 GiB, 2684354560 bytes, 5242880 sectors
Disk model: VBOX HARDDISK
Units: sectors of 1 * 512 = 512 bytes
Sector size (logical/physical): 512 bytes / 512 bytes
I/O size (minimum/optimal): 512 bytes / 512 bytes

>>> Script header accepted.
>>> Script header accepted.
>>> Script header accepted.
>>> Script header accepted.
>>> Created a new DOS disklabel with disk identifier 0xa3918d14.
/dev/sdc1: Created a new partition 1 of type 'Linux' and of size 2 GiB.
/dev/sdc2: Created a new partition 2 of type 'Linux' and of size 511 MiB.
/dev/sdc3: Done.

New situation:
Disklabel type: dos
Disk identifier: 0xa3918d14

Device     Boot   Start     End Sectors  Size Id Type
/dev/sdc1          2048 4196351 4194304    2G 83 Linux
/dev/sdc2       4196352 5242879 1046528  511M 83 Linux

The partition table has been altered.
Calling ioctl() to re-read partition table.
Syncing disks.
```

#### 6. Соберите `mdadm` RAID1 на паре разделов 2 Гб.

```shell
root@vagrant:~# mdadm --create /dev/md0 --level=1 --raid-devices=2 /dev/sd[bc]1
mdadm: Note: this array has metadata at the start and
    may not be suitable as a boot device.  If you plan to
    store '/boot' on this device please ensure that
    your boot-loader understands md/v1.x metadata, or use
    --metadata=0.90
Continue creating array? y
mdadm: Defaulting to version 1.2 metadata
mdadm: array /dev/md0 started.
```

#### 7. Соберите `mdadm` RAID0 на второй паре маленьких разделов.

```shell
root@vagrant:~# mdadm --create /dev/md1 --level=0 --raid-devices=2 /dev/sd[bc]2
mdadm: Defaulting to version 1.2 metadata
mdadm: array /dev/md1 started.
```

#### 8. Создайте 2 независимых PV на получившихся md-устройствах.

```shell
root@vagrant:~# pvcreate /dev/md0
  Physical volume "/dev/md0" successfully created.
root@vagrant:~# pvcreate /dev/md1
  Physical volume "/dev/md1" successfully created.
```

#### 9. Создайте общую volume-group на этих двух PV.

```shell
root@vagrant:~# vgcreate netology /dev/md0 /dev/md1
  Volume group "netology" successfully created
```

```shell
root@vagrant:~# vgs
  VG        #PV #LV #SN Attr   VSize   VFree
  netology    2   0   0 wz--n-  <2.99g <2.99g
  vgvagrant   1   2   0 wz--n- <63.50g     0
```

#### 10. Создайте LV размером 100 Мб, указав его расположение на PV с RAID0.

```shell
root@vagrant:~# lvcreate -L 100m -n netology-lv netology /dev/md1
  Logical volume "netology-lv" created.
root@vagrant:~# lvs -o +devices
  LV          VG        Attr       LSize   Pool Origin Data%  Meta%  Move Log Cpy%Sync Convert Devices
  netology-lv netology  -wi-a----- 100.00m                                                     /dev/md1(0)
  root        vgvagrant -wi-ao---- <62.54g                                                     /dev/sda5(0)
  swap_1      vgvagrant -wi-ao---- 980.00m                                                     /dev/sda5(16010)
```

#### 11. Создайте `mkfs.ext4` ФС на получившемся LV.

```shell
oot@vagrant:~# mkfs.ext4 -L netology-ext4 -m 1 /dev/mapper/netology-netology--lv
mke2fs 1.45.5 (07-Jan-2020)
Creating filesystem with 25600 4k blocks and 25600 inodes

Allocating group tables: done
Writing inode tables: done
Creating journal (1024 blocks): done
Writing superblocks and filesystem accounting information: done
root@vagrant:~# blkid | grep netology-netology--lv
/dev/mapper/netology-netology--lv: LABEL="netology-ext4" UUID="e8724683-3555-4082-b27e-939ae1d519de" TYPE="ext4"
```

#### 12. Смонтируйте этот раздел в любую директорию, например, `/tmp/new`.

```shell
root@vagrant:~# mkdir /tmp/new
root@vagrant:~# mount /dev/mapper/netology-netology--lv /tmp/new/
root@vagrant:~# mount | grep netology-netology--lv
/dev/mapper/netology-netology--lv on /tmp/new type ext4 (rw,relatime,stripe=256)
```

#### 13. Поместите туда тестовый файл, например `wget https://mirror.yandex.ru/ubuntu/ls-lR.gz -O /tmp/new/test.gz`.

```shell
root@vagrant:~# cd /tmp/new/
root@vagrant:/tmp/new# wget https://mirror.yandex.ru/ubuntu/ls-lR.gz -O /tmp/new/test.gz
--2021-11-22 19:16:22--  https://mirror.yandex.ru/ubuntu/ls-lR.gz
Resolving mirror.yandex.ru (mirror.yandex.ru)... 213.180.204.183, 2a02:6b8::183
Connecting to mirror.yandex.ru (mirror.yandex.ru)|213.180.204.183|:443... connected.
HTTP request sent, awaiting response... 200 OK
Length: 22478375 (21M) [application/octet-stream]
Saving to: ‘/tmp/new/test.gz’

/tmp/new/test.gz                              100%[===================================>]  21.44M  2.30MB/s    in 8.0s

2021-11-22 19:16:30 (2.67 MB/s) - ‘/tmp/new/test.gz’ saved [22478375/22478375]
```

#### 14. Прикрепите вывод `lsblk`.

```shell
root@vagrant:/tmp/new# lsblk
NAME                        MAJ:MIN RM  SIZE RO TYPE  MOUNTPOINT
sda                           8:0    0   64G  0 disk
├─sda1                        8:1    0  512M  0 part  /boot/efi
├─sda2                        8:2    0    1K  0 part
└─sda5                        8:5    0 63.5G  0 part
  ├─vgvagrant-root          253:0    0 62.6G  0 lvm   /
  └─vgvagrant-swap_1        253:1    0  980M  0 lvm   [SWAP]
sdb                           8:16   0  2.5G  0 disk
├─sdb1                        8:17   0    2G  0 part
│ └─md0                       9:0    0    2G  0 raid1
└─sdb2                        8:18   0  511M  0 part
  └─md1                       9:1    0 1018M  0 raid0
    └─netology-netology--lv 253:2    0  100M  0 lvm   /tmp/new
sdc                           8:32   0  2.5G  0 disk
├─sdc1                        8:33   0    2G  0 part
│ └─md0                       9:0    0    2G  0 raid1
└─sdc2                        8:34   0  511M  0 part
  └─md1                       9:1    0 1018M  0 raid0
    └─netology-netology--lv 253:2    0  100M  0 lvm   /tmp/new
```

#### 15. Протестируйте целостность файла:

````shell
root@vagrant:/tmp/new# gzip -t /tmp/new/test.gz
root@vagrant:/tmp/new# echo $?
0
````
#### 16. Используя pvmove, переместите содержимое PV с RAID0 на RAID1.

```shell
root@vagrant:/tmp/new# pvmove -n netology-lv /dev/md1 /dev/md0
  /dev/md1: Moved: 28.00%
  /dev/md1: Moved: 100.00%
root@vagrant:/tmp/new# lvs -o +devices
  LV          VG        Attr       LSize   Pool Origin Data%  Meta%  Move Log Cpy%Sync Convert Devices
  netology-lv netology  -wi-ao---- 100.00m                                                     /dev/md0(0)
  root        vgvagrant -wi-ao---- <62.54g                                                     /dev/sda5(0)
  swap_1      vgvagrant -wi-ao---- 980.00m                                                     /dev/sda5(16010)
```

#### 17. Сделайте `--fail` на устройство в вашем RAID1 md.

```shell
root@vagrant:/tmp/new# mdadm --fail /dev/md0 /dev/sdb1
mdadm: set /dev/sdb1 faulty in /dev/md0
```

#### 18. Подтвердите выводом `dmesg`, что RAID1 работает в деградированном состоянии.

```shell
root@vagrant:/tmp/new# dmesg | grep md0 | tail -n 2
[ 2636.150864] md/raid1:md0: Disk failure on sdb1, disabling device.
               md/raid1:md0: Operation continuing on 1 devices.
```

#### 19. Протестируйте целостность файла, несмотря на "сбойный" диск он должен продолжать быть доступен:
```shell
root@vagrant:/tmp/new# gzip -t /tmp/new/test.gz
root@vagrant:/tmp/new# echo $?
0
```
#### 20. Погасите тестовый хост, vagrant destroy.

```shell
root@vagrant:/tmp/new# exit
logout
vagrant@vagrant:~$ exit
logout
Connection to 127.0.0.1 closed.
user@User-MacBook-Pro Vagrant % vagrant destroy
    default: Are you sure you want to destroy the 'default' VM? [y/N] y
==> default: Forcing shutdown of VM...
==> default: Destroying VM and associated drives...
```